Rider Entry Point...
12:02:46.425 |I| --LOGLOG--                     | .NET TP Worker:5               | Initializing LogManager with path=/home/marek/.gradle/caches/9.4.1/transforms/53a20199471e8c443d6af9b82e05c9aa/transformed/JetBrains.Rider-2026.1/bin/backend-log.xml, subconfiguration=Debug

12:02:46.448 |I| --LOGLOG--                     | .NET TP Worker:5               | Reconfigure logger, ReadBinary=[False], Subconf=[Debug], Xml=/home/marek/.gradle/caches/9.4.1/transforms/53a20199471e8c443d6af9b82e05c9aa/transformed/JetBrains.Rider-2026.1/bin/backend-log.xml

12:02:46.589 |V| --LOGLOG--                     | .NET TP Worker:5               | LogLog.SeverityFilter: INFO -> VERBOSE

12:02:46.603 |V| --LOGLOG:NativeMemoryPool--    | .NET TP Worker:5               | New memory block allocated, size: 1,048,576 bytes, total allocated blocks: 0, used: 0

12:02:46.708 |V| --LOGLOG:NativeMemoryPool--    | :1                             | New memory block allocated, size: 1,048,576 bytes, total allocated blocks: 1, used: 0

Running in .NET Core v10.0.5 x64 runtime
JetBrains Rider 2026.1 
12:02:46.800 |I| --LOGLOG--                     | JetPool(S) #1:12               | Added omnipresent logger with type [JetBrains.Util.Console.ConsoleLoggerListener] and level [INFO]

12:02:47.453 |V| --LOGLOG:NativeMemoryPool--    | JetPool(S) #3:14               | New memory block allocated, size: 1,048,576 bytes, total allocated blocks: 2, used: 2

12:02:47.481 |V| --LOGLOG:NativeMemoryPool--    | JetPool(S) #2:13               | New memory block allocated, size: 1,048,576 bytes, total allocated blocks: 3, used: 2

12:02:47.481 |V| --LOGLOG:NativeMemoryPool--    | JetPool(S) #7:18               | New memory block allocated, size: 1,048,576 bytes, total allocated blocks: 4, used: 1

12:02:51.797 |I| --LOGLOG--                     | :1                             | Added omnipresent logger with type [JetBrains.UI.Application.LogEventListener] and level [INFO]. Filters: <len=1>[BurstFilter[level=ERROR, lastburst=0, rates=0]]

JetBrains Rider 2026.1
Running on x64 OS in x64 architecture, .NET 10.0.5 under Ubuntu 24.04.3 LTS
12:02:52.303 |I| --LOGLOG--                     | :1                             | Removed omnipresent logger with type [JetBrains.Util.Console.ConsoleLoggerListener] and level [INFO]

12:02:52.303 |I| --LOGLOG--                     | :1                             | Added omnipresent logger with type [JetBrains.Rider.Backend.Features.Loggers.RiderNullLoggerListener] and level [WARN]

12:02:52.304 |I| --LOGLOG--                     | :1                             | Added omnipresent logger with type [JetBrains.Rider.Backend.Features.Loggers.LoggerHost] and level [INFO]

12:02:52.307 |I| --LOGLOG--                     | :1                             | Removed omnipresent logger with type [JetBrains.UI.Application.LogEventListener] and level [INFO]

12:02:55.037 |V| --LOGLOG:NativeMemoryPool--    | .NET TP Worker:30              | New memory block allocated, size: 1,048,576 bytes, total allocated blocks: 5, used: 1

12:03:42.746 |V| --LOGLOG:UnsafeWriter--        | :1                             | Realloc UnsafeWriter, current: 1,048,576 bytes, new: 2,097,152

12:03:42.751 |V| --LOGLOG:UnsafeWriter--        | :1                             | Realloc UnsafeWriter, current: 2,097,152 bytes, new: 4,194,304

12:04:03.666 |I| --LOGLOG--                     | :1                             | Removed omnipresent logger with type [JetBrains.Rider.Backend.Features.Loggers.LoggerHost] and level [INFO]

12:04:03.965 |I| --LOGLOG--                     | :1                             | Removed omnipresent logger with type [JetBrains.Rider.Backend.Features.Loggers.RiderNullLoggerListener] and level [WARN]

